******************************************************************************
               TMS320C6x Linker PC v7.4.18                     
******************************************************************************
>> Linked Tue May 07 17:22:35 2019

OUTPUT FILE NAME:   <Copy of Echo_Fading.out>
ENTRY POINT SYMBOL: "_c_int00"  address: 00001c80


MEMORY CONFIGURATION

         name            origin    length      used     unused   attr    fill
----------------------  --------  ---------  --------  --------  ----  --------
  vecs                  00000000   00000200  00000200  00000000  RWIX
  IRAM                  00000200   0000fe00  0000346e  0000c992  RWIX
  CE0                   80000000   01000000  00000000  01000000  RWIX


SECTION ALLOCATION MAP

 output                                  attributes/
section   page    origin      length       input sections
--------  ----  ----------  ----------   ----------------
vectors    0    00000000    00000200     
                  00000000    00000200     vectors.obj (vectors)

.bss       0    00000200    00000000     UNINITIALIZED

.data      0    00000200    00000000     UNINITIALIZED

.text      0    00000200    00001c60     
                  00000200    00000480     dsk6713bsl.lib : dsk6713.obj (.text)
                  00000680    00000300                    : dsk6713_aic23_opencodec.obj (.text)
                  00000980    00000240     rts6700.lib : memcpy62.obj (.text:_memcpy)
                  00000bc0    00000200     Echo_Fading.obj (.text:retain)
                  00000dc0    000001c0     Echo_Fading.obj (.text)
                  00000f80    000001c0     csl6713.lib : csl_irq.obj (.text:_IRQ_map)
                  00001140    000001a0                 : csl_mcbsp.obj (.text:_MCBSP_reset)
                  000012e0    00000140     dsk6713bsl.lib : dsk6713_aic23_registers.obj (.text)
                  00001420    00000100     csl6713.lib : csl_mcbsp.obj (.text:_MCBSP_open)
                  00001520    00000100                 : csl_mcbsp.obj (.text:_MCBSP_start)
                  00001620    00000100     rts6700.lib : autoinit.obj (.text:__auto_init)
                  00001720    00000100                 : remi.obj (.text:__remi)
                  00001820    000000e0                 : strasg.obj (.text:__strasg)
                  00001900    000000e0                 : exit.obj (.text:_exit)
                  000019e0    000000c0                 : cpy_tbl.obj (.text:_copy_in)
                  00001aa0    000000c0     dsk6713bsl.lib : dsk6713_aic23_setfreq.obj (.text)
                  00001b60    000000a0     csl6713.lib : csl_irq.obj (.text:_setMux)
                  00001c00    00000080     rts6700.lib : cpp_init.obj (.text:___TI_cpp_init)
                  00001c80    00000080                 : boot.obj (.text:_c_int00)
                  00001d00    00000040     csl6713.lib : csl_irq.obj (.text:_IRQ_enable)
                  00001d40    00000040     rts6700.lib : args_main.obj (.text:__args_main)
                  00001d80    00000020     csl6713.lib : csl_irq.obj (.text:_IRQ_globalDisable)
                  00001da0    00000020                 : csl_irq.obj (.text:_IRQ_globalEnable)
                  00001dc0    00000020                 : csl_irq.obj (.text:_IRQ_nmiEnable)
                  00001de0    00000020                 : csl_mcbsp.obj (.text:_MCBSP_read)
                  00001e00    00000020                 : csl_mcbsp.obj (.text:_MCBSP_write)
                  00001e20    00000020     rts6700.lib : exit.obj (.text:_abort)
                  00001e40    00000020     csl6713.lib : csl_irq.obj (.text)

.far       0    00001e60    0000115a     UNINITIALIZED
                  00001e60    00000fd0     Echo_Fading.obj (.far)
                  00002e30    000000f4     csl6713.lib : csl_irq.obj (.far)
                  00002f24    00000038                 : csl_mcbsp.obj (.far)
                  00002f5c    00000028     dsk6713bsl.lib : dsk6713_aic23_registers.obj (.far)
                  00002f84    00000020                    : dsk6713_aic23_setfreq.obj (.far)
                  00002fa4    0000000c     rts6700.lib : exit.obj (.far)
                  00002fb0    00000008     dsk6713bsl.lib : dsk6713_aic23_opencodec.obj (.far)
                  00002fb8    00000002                    : dsk6713.obj (.far)

.stack     0    00002fc0    00000400     UNINITIALIZED
                  00002fc0    00000008     rts6700.lib : boot.obj (.stack)
                  00002fc8    000003f8     --HOLE--

.cinit     0    000033c0    00000254     
                  000033c0    0000012c     csl6713.lib : csl_irq.obj (.cinit)
                  000034ec    00000004     --HOLE-- [fill = 0]
                  000034f0    00000054                 : csl_mcbsp.obj (.cinit)
                  00003544    00000004     --HOLE-- [fill = 0]
                  00003548    00000040     Echo_Fading.obj (.cinit)
                  00003588    00000030     dsk6713bsl.lib : dsk6713_aic23_registers.obj (.cinit)
                  000035b8    0000002c     rts6700.lib : exit.obj (.cinit)
                  000035e4    00000004     --HOLE-- [fill = 0]
                  000035e8    00000028     dsk6713bsl.lib : dsk6713_aic23_setfreq.obj (.cinit)
                  00003610    00000004     --HOLE-- [fill = 0]

.const     0    00003614    00000060     
                  00003614    00000040     dsk6713bsl.lib : dsk6713_aic23_opencodec.obj (.const)
                  00003654    00000020                    : dsk6713.obj (.const)


GLOBAL SYMBOLS: SORTED ALPHABETICALLY BY Name 

address    name
--------   ----
00000200   $bss
00000200   .bss
00000200   .data
00000200   .text
00001e20   C$$EXIT
00002fb0   _DSK6713_AIC23_codeccontrolhandle
00002fb4   _DSK6713_AIC23_codecdatahandle
000013a0   _DSK6713_AIC23_config
00000680   _DSK6713_AIC23_openCodec
00001378   _DSK6713_AIC23_rget
000012e0   _DSK6713_AIC23_rset
00001aa0   _DSK6713_AIC23_setFreq
00000614   _DSK6713_getVersion
0000024c   _DSK6713_init
00000568   _DSK6713_rget
0000057c   _DSK6713_rset
00002fb8   _DSK6713_version
00000590   _DSK6713_wait
000005e8   _DSK6713_waitusec
00001d00   _IRQ_enable
00001d80   _IRQ_globalDisable
00001da0   _IRQ_globalEnable
00000f80   _IRQ_map
00001dc0   _IRQ_nmiEnable
00001420   _MCBSP_open
00001de0   _MCBSP_read
00001140   _MCBSP_reset
00001520   _MCBSP_start
00001e00   _MCBSP_write
00002f1c   __IRQ_dispatchTable
00002e58   __IRQ_eventTable
00001e40   __IRQ_hookFetchPacket
00002edc   __IRQ_intTable
00002f54   __MCBSP_hDev0
00002f58   __MCBSP_hDev1
000033c0   __STACK_END
00000400   __STACK_SIZE
00000001   __TI_args_main
00001c00   ___TI_cpp_init
00002fac   ___TI_enable_exit_profile_output
ffffffff   ___TI_pprof_out_hndl
ffffffff   ___TI_prof_data_size
ffffffff   ___TI_prof_data_start
ffffffff   ___binit__
00000200   ___bss__
ffffffff   ___c_args__
000033c0   ___cinit__
00000200   ___data__
00000200   ___edata__
00000200   ___end__
00001e60   ___etext__
ffffffff   ___pinit__
00000200   ___text__
00001d40   __args_main
00001620   __auto_init
00001720   __c6xabi_remi
00002fa4   __cleanup_ptr
00002fa8   __dtors_ptr
00001720   __remi
00002fc0   __stack
00001820   __strasg
00001e20   _abort
00001e60   _buffer
00001c80   _c_int00
00002e08   _config
000019e0   _copy_in
00001900   _exit
00002e04   _hCodec
00002e00   _i
00000dc0   _main
00000980   _memcpy
00000bc0   _serialPortRcvISR
ffffffff   binit
000033c0   cinit
00000200   edata
00000200   end
00001e60   etext
ffffffff   pinit


GLOBAL SYMBOLS: SORTED BY Symbol Address 

address    name
--------   ----
00000001   __TI_args_main
00000200   $bss
00000200   .bss
00000200   .data
00000200   .text
00000200   ___bss__
00000200   ___data__
00000200   ___edata__
00000200   ___end__
00000200   ___text__
00000200   edata
00000200   end
0000024c   _DSK6713_init
00000400   __STACK_SIZE
00000568   _DSK6713_rget
0000057c   _DSK6713_rset
00000590   _DSK6713_wait
000005e8   _DSK6713_waitusec
00000614   _DSK6713_getVersion
00000680   _DSK6713_AIC23_openCodec
00000980   _memcpy
00000bc0   _serialPortRcvISR
00000dc0   _main
00000f80   _IRQ_map
00001140   _MCBSP_reset
000012e0   _DSK6713_AIC23_rset
00001378   _DSK6713_AIC23_rget
000013a0   _DSK6713_AIC23_config
00001420   _MCBSP_open
00001520   _MCBSP_start
00001620   __auto_init
00001720   __c6xabi_remi
00001720   __remi
00001820   __strasg
00001900   _exit
000019e0   _copy_in
00001aa0   _DSK6713_AIC23_setFreq
00001c00   ___TI_cpp_init
00001c80   _c_int00
00001d00   _IRQ_enable
00001d40   __args_main
00001d80   _IRQ_globalDisable
00001da0   _IRQ_globalEnable
00001dc0   _IRQ_nmiEnable
00001de0   _MCBSP_read
00001e00   _MCBSP_write
00001e20   C$$EXIT
00001e20   _abort
00001e40   __IRQ_hookFetchPacket
00001e60   ___etext__
00001e60   _buffer
00001e60   etext
00002e00   _i
00002e04   _hCodec
00002e08   _config
00002e58   __IRQ_eventTable
00002edc   __IRQ_intTable
00002f1c   __IRQ_dispatchTable
00002f54   __MCBSP_hDev0
00002f58   __MCBSP_hDev1
00002fa4   __cleanup_ptr
00002fa8   __dtors_ptr
00002fac   ___TI_enable_exit_profile_output
00002fb0   _DSK6713_AIC23_codeccontrolhandle
00002fb4   _DSK6713_AIC23_codecdatahandle
00002fb8   _DSK6713_version
00002fc0   __stack
000033c0   __STACK_END
000033c0   ___cinit__
000033c0   cinit
ffffffff   ___TI_pprof_out_hndl
ffffffff   ___TI_prof_data_size
ffffffff   ___TI_prof_data_start
ffffffff   ___binit__
ffffffff   ___c_args__
ffffffff   ___pinit__
ffffffff   binit
ffffffff   pinit

[78 symbols]
