******************************************************************************
               TMS320C6x Linker PC v7.4.18                     
******************************************************************************
>> Linked Mon Dec 10 23:45:39 2018

OUTPUT FILE NAME:   <Copy of Scrambler.out>
ENTRY POINT SYMBOL: "_c_int00"  address: 0000eec0


MEMORY CONFIGURATION

         name            origin    length      used     unused   attr    fill
----------------------  --------  ---------  --------  --------  ----  --------
  vecs                  00000000   00000200  00000200  00000000  RWIX
  IRAM                  00000200   0000fe00  0000f92c  000004d4  RWIX
  CE0                   80000000   01000000  00000000  01000000  RWIX


SECTION ALLOCATION MAP

 output                                  attributes/
section   page    origin      length       input sections
--------  ----  ----------  ----------   ----------------
vectors    0    00000000    00000200     
                  00000000    00000200     vectors.obj (vectors)

.bss       0    00000200    00000000     UNINITIALIZED

.data      0    00000200    00000000     UNINITIALIZED

.far       0    00000200    0000c510     UNINITIALIZED
                  00000200    0000c344     Echo_Fading.obj (.far)
                  0000c544    000000f4     csl6713.lib : csl_irq.obj (.far)
                  0000c638    00000040     rts6700.lib : cos.obj (.far)
                  0000c678    00000038     csl6713.lib : csl_mcbsp.obj (.far)
                  0000c6b0    00000028     dsk6713bsl.lib : dsk6713_aic23_registers.obj (.far)
                  0000c6d8    00000020                    : dsk6713_aic23_setfreq.obj (.far)
                  0000c6f8    0000000c     rts6700.lib : exit.obj (.far)
                  0000c704    00000008     dsk6713bsl.lib : dsk6713_aic23_opencodec.obj (.far)
                  0000c70c    00000002                    : dsk6713.obj (.far)
                  0000c70e    00000002                    : dsk6713_led.obj (.far)

.text      0    0000c720    00002a40     
                  0000c720    00000540     Echo_Fading.obj (.text)
                  0000cc60    000004c0     Echo_Fading.obj (.text:retain)
                  0000d120    00000480     dsk6713bsl.lib : dsk6713.obj (.text)
                  0000d5a0    00000340     rts6700.lib : cos.obj (.text:_cos)
                  0000d8e0    00000300     dsk6713bsl.lib : dsk6713_aic23_opencodec.obj (.text)
                  0000dbe0    00000240     rts6700.lib : memcpy62.obj (.text:_memcpy)
                  0000de20    000001e0     dsk6713bsl.lib : dsk6713_led.obj (.text)
                  0000e000    000001c0     csl6713.lib : csl_irq.obj (.text:_IRQ_map)
                  0000e1c0    000001a0                 : csl_mcbsp.obj (.text:_MCBSP_reset)
                  0000e360    00000140     dsk6713bsl.lib : dsk6713_aic23_registers.obj (.text)
                  0000e4a0    00000100     csl6713.lib : csl_mcbsp.obj (.text:_MCBSP_open)
                  0000e5a0    00000100                 : csl_mcbsp.obj (.text:_MCBSP_start)
                  0000e6a0    00000100     rts6700.lib : autoinit.obj (.text:__auto_init)
                  0000e7a0    00000100                 : remi.obj (.text:__remi)
                  0000e8a0    000000e0                 : round.obj (.text:__nround)
                  0000e980    000000e0                 : strasg.obj (.text:__strasg)
                  0000ea60    000000e0                 : exit.obj (.text:_exit)
                  0000eb40    000000e0                 : modf.obj (.text:_modf)
                  0000ec20    000000c0                 : cpy_tbl.obj (.text:_copy_in)
                  0000ece0    000000c0     dsk6713bsl.lib : dsk6713_aic23_setfreq.obj (.text)
                  0000eda0    000000a0     csl6713.lib : csl_irq.obj (.text:_setMux)
                  0000ee40    00000080     rts6700.lib : cpp_init.obj (.text:___TI_cpp_init)
                  0000eec0    00000080                 : boot.obj (.text:_c_int00)
                  0000ef40    00000080     dsk6713bsl.lib : dsk6713_dip.obj (.text)
                  0000efc0    00000040     csl6713.lib : csl_irq.obj (.text:_IRQ_enable)
                  0000f000    00000040     rts6700.lib : args_main.obj (.text:__args_main)
                  0000f040    00000040                 : trunc.obj (.text:__trunc)
                  0000f080    00000020     csl6713.lib : csl_irq.obj (.text:_IRQ_globalDisable)
                  0000f0a0    00000020                 : csl_irq.obj (.text:_IRQ_globalEnable)
                  0000f0c0    00000020                 : csl_irq.obj (.text:_IRQ_nmiEnable)
                  0000f0e0    00000020                 : csl_mcbsp.obj (.text:_MCBSP_read)
                  0000f100    00000020                 : csl_mcbsp.obj (.text:_MCBSP_write)
                  0000f120    00000020     rts6700.lib : exit.obj (.text:_abort)
                  0000f140    00000020     csl6713.lib : csl_irq.obj (.text)

.cinit     0    0000f160    0000057c     
                  0000f160    0000031a     Echo_Fading.obj (.cinit)
                  0000f47a    00000006     --HOLE-- [fill = 0]
                  0000f480    0000012c     csl6713.lib : csl_irq.obj (.cinit)
                  0000f5ac    00000004     --HOLE-- [fill = 0]
                  0000f5b0    00000054                 : csl_mcbsp.obj (.cinit)
                  0000f604    00000004     --HOLE-- [fill = 0]
                  0000f608    00000048     rts6700.lib : cos.obj (.cinit)
                  0000f650    00000030     dsk6713bsl.lib : dsk6713_aic23_registers.obj (.cinit)
                  0000f680    0000002c     rts6700.lib : exit.obj (.cinit)
                  0000f6ac    00000004     --HOLE-- [fill = 0]
                  0000f6b0    00000028     dsk6713bsl.lib : dsk6713_aic23_setfreq.obj (.cinit)
                  0000f6d8    00000004     --HOLE-- [fill = 0]

.stack     0    0000f6e0    00000400     UNINITIALIZED
                  0000f6e0    00000008     rts6700.lib : boot.obj (.stack)
                  0000f6e8    000003f8     --HOLE--

.const     0    0000fae0    00000060     
                  0000fae0    00000040     dsk6713bsl.lib : dsk6713_aic23_opencodec.obj (.const)
                  0000fb20    00000020                    : dsk6713.obj (.const)


GLOBAL SYMBOLS: SORTED ALPHABETICALLY BY Name 

address    name
--------   ----
00000200   $bss
00000200   .bss
00000200   .data
0000c720   .text
0000f120   C$$EXIT
0000c704   _DSK6713_AIC23_codeccontrolhandle
0000c708   _DSK6713_AIC23_codecdatahandle
0000e420   _DSK6713_AIC23_config
0000d8e0   _DSK6713_AIC23_openCodec
0000e3f8   _DSK6713_AIC23_rget
0000e360   _DSK6713_AIC23_rset
0000ece0   _DSK6713_AIC23_setFreq
0000ef48   _DSK6713_DIP_get
0000ef40   _DSK6713_DIP_init
0000de20   _DSK6713_LED_init
0000de60   _DSK6713_LED_off
0000ded0   _DSK6713_LED_on
0000df40   _DSK6713_LED_toggle
0000d534   _DSK6713_getVersion
0000d16c   _DSK6713_init
0000d488   _DSK6713_rget
0000d49c   _DSK6713_rset
0000c70c   _DSK6713_version
0000d4b0   _DSK6713_wait
0000d508   _DSK6713_waitusec
0000efc0   _IRQ_enable
0000f080   _IRQ_globalDisable
0000f0a0   _IRQ_globalEnable
0000e000   _IRQ_map
0000f0c0   _IRQ_nmiEnable
0000e4a0   _MCBSP_open
0000f0e0   _MCBSP_read
0000e1c0   _MCBSP_reset
0000e5a0   _MCBSP_start
0000f100   _MCBSP_write
0000c630   __IRQ_dispatchTable
0000c56c   __IRQ_eventTable
0000f140   __IRQ_hookFetchPacket
0000c5f0   __IRQ_intTable
0000c6a8   __MCBSP_hDev0
0000c6ac   __MCBSP_hDev1
0000fae0   __STACK_END
00000400   __STACK_SIZE
00000001   __TI_args_main
0000ee40   ___TI_cpp_init
0000c700   ___TI_enable_exit_profile_output
ffffffff   ___TI_pprof_out_hndl
ffffffff   ___TI_prof_data_size
ffffffff   ___TI_prof_data_start
ffffffff   ___binit__
00000200   ___bss__
ffffffff   ___c_args__
0000f160   ___cinit__
00000200   ___data__
00000200   ___edata__
00000200   ___end__
0000f160   ___etext__
ffffffff   ___pinit__
0000c720   ___text__
0000f000   __args_main
0000e6a0   __auto_init
0000e7a0   __c6xabi_remi
0000c6f8   __cleanup_ptr
0000c6fc   __dtors_ptr
0000e8a0   __nround
0000e7a0   __remi
0000f6e0   __stack
0000e980   __strasg
0000f040   __trunc
0000f120   _abort
0000eec0   _c_int00
0000c518   _config
0000ec20   _copy_in
0000d5a0   _cos
0000c50c   _counter1
0000c50e   _counter2
0000c510   _counter3
0000ea60   _exit
0000c9c8   _filter
0000c000   _gain
00000340   _h
0000c514   _hCodec
0000c502   _input
00000480   _inputBuffer
00008180   _interBuffer
0000c720   _main
0000dbe0   _memcpy
0000eb40   _modf
0000c504   _output
00004300   _outputBuffer
0000cc60   _serialPortRcvISR
00000200   _sine160
0000cb28   _sinemod1
0000cbbc   _sinemod2
0000c508   _temp
0000c506   _temp1
ffffffff   binit
0000f160   cinit
00000200   edata
00000200   end
0000f160   etext
ffffffff   pinit


GLOBAL SYMBOLS: SORTED BY Symbol Address 

address    name
--------   ----
00000001   __TI_args_main
00000200   $bss
00000200   .bss
00000200   .data
00000200   ___bss__
00000200   ___data__
00000200   ___edata__
00000200   ___end__
00000200   _sine160
00000200   edata
00000200   end
00000340   _h
00000400   __STACK_SIZE
00000480   _inputBuffer
00004300   _outputBuffer
00008180   _interBuffer
0000c000   _gain
0000c502   _input
0000c504   _output
0000c506   _temp1
0000c508   _temp
0000c50c   _counter1
0000c50e   _counter2
0000c510   _counter3
0000c514   _hCodec
0000c518   _config
0000c56c   __IRQ_eventTable
0000c5f0   __IRQ_intTable
0000c630   __IRQ_dispatchTable
0000c6a8   __MCBSP_hDev0
0000c6ac   __MCBSP_hDev1
0000c6f8   __cleanup_ptr
0000c6fc   __dtors_ptr
0000c700   ___TI_enable_exit_profile_output
0000c704   _DSK6713_AIC23_codeccontrolhandle
0000c708   _DSK6713_AIC23_codecdatahandle
0000c70c   _DSK6713_version
0000c720   .text
0000c720   ___text__
0000c720   _main
0000c9c8   _filter
0000cb28   _sinemod1
0000cbbc   _sinemod2
0000cc60   _serialPortRcvISR
0000d16c   _DSK6713_init
0000d488   _DSK6713_rget
0000d49c   _DSK6713_rset
0000d4b0   _DSK6713_wait
0000d508   _DSK6713_waitusec
0000d534   _DSK6713_getVersion
0000d5a0   _cos
0000d8e0   _DSK6713_AIC23_openCodec
0000dbe0   _memcpy
0000de20   _DSK6713_LED_init
0000de60   _DSK6713_LED_off
0000ded0   _DSK6713_LED_on
0000df40   _DSK6713_LED_toggle
0000e000   _IRQ_map
0000e1c0   _MCBSP_reset
0000e360   _DSK6713_AIC23_rset
0000e3f8   _DSK6713_AIC23_rget
0000e420   _DSK6713_AIC23_config
0000e4a0   _MCBSP_open
0000e5a0   _MCBSP_start
0000e6a0   __auto_init
0000e7a0   __c6xabi_remi
0000e7a0   __remi
0000e8a0   __nround
0000e980   __strasg
0000ea60   _exit
0000eb40   _modf
0000ec20   _copy_in
0000ece0   _DSK6713_AIC23_setFreq
0000ee40   ___TI_cpp_init
0000eec0   _c_int00
0000ef40   _DSK6713_DIP_init
0000ef48   _DSK6713_DIP_get
0000efc0   _IRQ_enable
0000f000   __args_main
0000f040   __trunc
0000f080   _IRQ_globalDisable
0000f0a0   _IRQ_globalEnable
0000f0c0   _IRQ_nmiEnable
0000f0e0   _MCBSP_read
0000f100   _MCBSP_write
0000f120   C$$EXIT
0000f120   _abort
0000f140   __IRQ_hookFetchPacket
0000f160   ___cinit__
0000f160   ___etext__
0000f160   cinit
0000f160   etext
0000f6e0   __stack
0000fae0   __STACK_END
ffffffff   ___TI_pprof_out_hndl
ffffffff   ___TI_prof_data_size
ffffffff   ___TI_prof_data_start
ffffffff   ___binit__
ffffffff   ___c_args__
ffffffff   ___pinit__
ffffffff   binit
ffffffff   pinit

[102 symbols]
