******************************************************************************
               TMS320C6x Linker PC v7.4.18                     
******************************************************************************
>> Linked Tue May 14 18:08:48 2019

OUTPUT FILE NAME:   <Scrambler2.out>
ENTRY POINT SYMBOL: "_c_int00"  address: 00002340


MEMORY CONFIGURATION

         name            origin    length      used     unused   attr    fill
----------------------  --------  ---------  --------  --------  ----  --------
  vecs                  00000000   00000200  00000200  00000000  RWIX
  IRAM                  00000200   0000fe00  00003692  0000c76e  RWIX
  CE0                   80000000   01000000  00000000  01000000  RWIX


SECTION ALLOCATION MAP

 output                                  attributes/
section   page    origin      length       input sections
--------  ----  ----------  ----------   ----------------
vectors    0    00000000    00000200     
                  00000000    00000200     vectors.obj (vectors)

.bss       0    00000200    00000000     UNINITIALIZED

.data      0    00000200    00000000     UNINITIALIZED

.text      0    00000200    00002360     
                  00000200    00000480     dsk6713bsl.lib : dsk6713.obj (.text)
                  00000680    00000380     Scrambler2.obj (.text)
                  00000a00    00000340     rts6700.lib : cos.obj (.text:_cos)
                  00000d40    00000300     dsk6713bsl.lib : dsk6713_aic23_opencodec.obj (.text)
                  00001040    00000240     rts6700.lib : memcpy62.obj (.text:_memcpy)
                  00001280    00000200     Scrambler2.obj (.text:retain)
                  00001480    000001c0     csl6713.lib : csl_irq.obj (.text:_IRQ_map)
                  00001640    000001a0                 : csl_mcbsp.obj (.text:_MCBSP_reset)
                  000017e0    00000140     dsk6713bsl.lib : dsk6713_aic23_registers.obj (.text)
                  00001920    00000100     csl6713.lib : csl_mcbsp.obj (.text:_MCBSP_open)
                  00001a20    00000100                 : csl_mcbsp.obj (.text:_MCBSP_start)
                  00001b20    00000100     rts6700.lib : autoinit.obj (.text:__auto_init)
                  00001c20    00000100                 : remi.obj (.text:__remi)
                  00001d20    000000e0                 : round.obj (.text:__nround)
                  00001e00    000000e0                 : strasg.obj (.text:__strasg)
                  00001ee0    000000e0                 : exit.obj (.text:_exit)
                  00001fc0    000000e0                 : modf.obj (.text:_modf)
                  000020a0    000000c0                 : cpy_tbl.obj (.text:_copy_in)
                  00002160    000000c0     dsk6713bsl.lib : dsk6713_aic23_setfreq.obj (.text)
                  00002220    000000a0     csl6713.lib : csl_irq.obj (.text:_setMux)
                  000022c0    00000080     rts6700.lib : cpp_init.obj (.text:___TI_cpp_init)
                  00002340    00000080                 : boot.obj (.text:_c_int00)
                  000023c0    00000040     csl6713.lib : csl_irq.obj (.text:_IRQ_enable)
                  00002400    00000040     rts6700.lib : args_main.obj (.text:__args_main)
                  00002440    00000040                 : trunc.obj (.text:__trunc)
                  00002480    00000020     csl6713.lib : csl_irq.obj (.text:_IRQ_globalDisable)
                  000024a0    00000020                 : csl_irq.obj (.text:_IRQ_globalEnable)
                  000024c0    00000020                 : csl_irq.obj (.text:_IRQ_nmiEnable)
                  000024e0    00000020                 : csl_mcbsp.obj (.text:_MCBSP_read)
                  00002500    00000020                 : csl_mcbsp.obj (.text:_MCBSP_write)
                  00002520    00000020     rts6700.lib : exit.obj (.text:_abort)
                  00002540    00000020     csl6713.lib : csl_irq.obj (.text)

.far       0    00002560    00000986     UNINITIALIZED
                  00002560    000007bc     Scrambler2.obj (.far)
                  00002d1c    000000f4     csl6713.lib : csl_irq.obj (.far)
                  00002e10    00000040     rts6700.lib : cos.obj (.far)
                  00002e50    00000038     csl6713.lib : csl_mcbsp.obj (.far)
                  00002e88    00000028     dsk6713bsl.lib : dsk6713_aic23_registers.obj (.far)
                  00002eb0    00000020                    : dsk6713_aic23_setfreq.obj (.far)
                  00002ed0    0000000c     rts6700.lib : exit.obj (.far)
                  00002edc    00000008     dsk6713bsl.lib : dsk6713_aic23_opencodec.obj (.far)
                  00002ee4    00000002                    : dsk6713.obj (.far)

.cinit     0    00002ee8    0000054c     
                  00002ee8    000002ea     Scrambler2.obj (.cinit)
                  000031d2    00000006     --HOLE-- [fill = 0]
                  000031d8    0000012c     csl6713.lib : csl_irq.obj (.cinit)
                  00003304    00000004     --HOLE-- [fill = 0]
                  00003308    00000054                 : csl_mcbsp.obj (.cinit)
                  0000335c    00000004     --HOLE-- [fill = 0]
                  00003360    00000048     rts6700.lib : cos.obj (.cinit)
                  000033a8    00000030     dsk6713bsl.lib : dsk6713_aic23_registers.obj (.cinit)
                  000033d8    0000002c     rts6700.lib : exit.obj (.cinit)
                  00003404    00000004     --HOLE-- [fill = 0]
                  00003408    00000028     dsk6713bsl.lib : dsk6713_aic23_setfreq.obj (.cinit)
                  00003430    00000004     --HOLE-- [fill = 0]

.stack     0    00003438    00000400     UNINITIALIZED
                  00003438    00000008     rts6700.lib : boot.obj (.stack)
                  00003440    000003f8     --HOLE--

.const     0    00003838    00000060     
                  00003838    00000040     dsk6713bsl.lib : dsk6713_aic23_opencodec.obj (.const)
                  00003878    00000020                    : dsk6713.obj (.const)


GLOBAL SYMBOLS: SORTED ALPHABETICALLY BY Name 

address    name
--------   ----
00000200   $bss
00000200   .bss
00000200   .data
00000200   .text
00002520   C$$EXIT
00002edc   _DSK6713_AIC23_codeccontrolhandle
00002ee0   _DSK6713_AIC23_codecdatahandle
000018a0   _DSK6713_AIC23_config
00000d40   _DSK6713_AIC23_openCodec
00001878   _DSK6713_AIC23_rget
000017e0   _DSK6713_AIC23_rset
00002160   _DSK6713_AIC23_setFreq
00000614   _DSK6713_getVersion
0000024c   _DSK6713_init
00000568   _DSK6713_rget
0000057c   _DSK6713_rset
00002ee4   _DSK6713_version
00000590   _DSK6713_wait
000005e8   _DSK6713_waitusec
000023c0   _IRQ_enable
00002480   _IRQ_globalDisable
000024a0   _IRQ_globalEnable
00001480   _IRQ_map
000024c0   _IRQ_nmiEnable
00001920   _MCBSP_open
000024e0   _MCBSP_read
00001640   _MCBSP_reset
00001a20   _MCBSP_start
00002500   _MCBSP_write
00002e08   __IRQ_dispatchTable
00002d44   __IRQ_eventTable
00002540   __IRQ_hookFetchPacket
00002dc8   __IRQ_intTable
00002e80   __MCBSP_hDev0
00002e84   __MCBSP_hDev1
00003838   __STACK_END
00000400   __STACK_SIZE
00000001   __TI_args_main
000022c0   ___TI_cpp_init
00002ed8   ___TI_enable_exit_profile_output
ffffffff   ___TI_pprof_out_hndl
ffffffff   ___TI_prof_data_size
ffffffff   ___TI_prof_data_start
ffffffff   ___binit__
00000200   ___bss__
ffffffff   ___c_args__
00002ee8   ___cinit__
00000200   ___data__
00000200   ___edata__
00000200   ___end__
00002560   ___etext__
ffffffff   ___pinit__
00000200   ___text__
00002400   __args_main
00001b20   __auto_init
00001c20   __c6xabi_remi
00002ed0   __cleanup_ptr
00002ed4   __dtors_ptr
00001d20   __nround
00001c20   __remi
00003438   __stack
00001e00   __strasg
00002440   __trunc
00002520   _abort
000027e8   _buff
00002928   _buff2
00002a68   _buff3
00002ba8   _buff4
00002340   _c_int00
00002cf0   _config
000020a0   _copy_in
00000a00   _cos
00001ee0   _exit
000027de   _gain
000026a0   _h
00002cec   _hCodec
000027e0   _input
00000680   _main
00001040   _memcpy
00000920   _mod
000009d4   _mod1
00001fc0   _modf
000007dc   _myfilter
00001280   _serialPortRcvISR
00002ce8   _shift
00002560   _sine160
000027e4   _temp
ffffffff   binit
00002ee8   cinit
00000200   edata
00000200   end
00002560   etext
ffffffff   pinit


GLOBAL SYMBOLS: SORTED BY Symbol Address 

address    name
--------   ----
00000001   __TI_args_main
00000200   $bss
00000200   .bss
00000200   .data
00000200   .text
00000200   ___bss__
00000200   ___data__
00000200   ___edata__
00000200   ___end__
00000200   ___text__
00000200   edata
00000200   end
0000024c   _DSK6713_init
00000400   __STACK_SIZE
00000568   _DSK6713_rget
0000057c   _DSK6713_rset
00000590   _DSK6713_wait
000005e8   _DSK6713_waitusec
00000614   _DSK6713_getVersion
00000680   _main
000007dc   _myfilter
00000920   _mod
000009d4   _mod1
00000a00   _cos
00000d40   _DSK6713_AIC23_openCodec
00001040   _memcpy
00001280   _serialPortRcvISR
00001480   _IRQ_map
00001640   _MCBSP_reset
000017e0   _DSK6713_AIC23_rset
00001878   _DSK6713_AIC23_rget
000018a0   _DSK6713_AIC23_config
00001920   _MCBSP_open
00001a20   _MCBSP_start
00001b20   __auto_init
00001c20   __c6xabi_remi
00001c20   __remi
00001d20   __nround
00001e00   __strasg
00001ee0   _exit
00001fc0   _modf
000020a0   _copy_in
00002160   _DSK6713_AIC23_setFreq
000022c0   ___TI_cpp_init
00002340   _c_int00
000023c0   _IRQ_enable
00002400   __args_main
00002440   __trunc
00002480   _IRQ_globalDisable
000024a0   _IRQ_globalEnable
000024c0   _IRQ_nmiEnable
000024e0   _MCBSP_read
00002500   _MCBSP_write
00002520   C$$EXIT
00002520   _abort
00002540   __IRQ_hookFetchPacket
00002560   ___etext__
00002560   _sine160
00002560   etext
000026a0   _h
000027de   _gain
000027e0   _input
000027e4   _temp
000027e8   _buff
00002928   _buff2
00002a68   _buff3
00002ba8   _buff4
00002ce8   _shift
00002cec   _hCodec
00002cf0   _config
00002d44   __IRQ_eventTable
00002dc8   __IRQ_intTable
00002e08   __IRQ_dispatchTable
00002e80   __MCBSP_hDev0
00002e84   __MCBSP_hDev1
00002ed0   __cleanup_ptr
00002ed4   __dtors_ptr
00002ed8   ___TI_enable_exit_profile_output
00002edc   _DSK6713_AIC23_codeccontrolhandle
00002ee0   _DSK6713_AIC23_codecdatahandle
00002ee4   _DSK6713_version
00002ee8   ___cinit__
00002ee8   cinit
00003438   __stack
00003838   __STACK_END
ffffffff   ___TI_pprof_out_hndl
ffffffff   ___TI_prof_data_size
ffffffff   ___TI_prof_data_start
ffffffff   ___binit__
ffffffff   ___c_args__
ffffffff   ___pinit__
ffffffff   binit
ffffffff   pinit

[93 symbols]
