******************************************************************************
               TMS320C6x Linker PC v7.4.18                     
******************************************************************************
>> Linked Tue Nov 27 01:10:59 2018

OUTPUT FILE NAME:   <Scrambler.out>
ENTRY POINT SYMBOL: "_c_int00"  address: 0000e300


MEMORY CONFIGURATION

         name            origin    length      used     unused   attr    fill
----------------------  --------  ---------  --------  --------  ----  --------
  vecs                  00000000   00000200  00000000  00000200  RWIX
  IRAM                  00000200   00030000  0000ed10  000212f0  RWIX
  L2RAM                 00030200   00010000  00000000  00010000  RWIX
  EMIFCE0               80000000   10000000  00000000  10000000  RWIX
  EMIFCE1               90000000   10000000  00000000  10000000  RWIX
  EMIFCE2               a0000000   10000000  00000000  10000000  RWIX
  EMIFCE3               b0000000   10000000  00000000  10000000  RWIX


SECTION ALLOCATION MAP

 output                                  attributes/
section   page    origin      length       input sections
--------  ----  ----------  ----------   ----------------
.pinit     0    00000200    00000000     UNINITIALIZED

.bss       0    00000200    00000000     UNINITIALIZED

.data      0    00000200    00000000     UNINITIALIZED

.far       0    00000200    0000c17c     UNINITIALIZED
                  00000200    0000bfb0     Scrambler.obj (.far)
                  0000c1b0    000000f4     csl6713.lib : csl_irq.obj (.far)
                  0000c2a4    00000002     dsk6713bsl.lib : dsk6713.obj (.far)
                  0000c2a6    00000002     --HOLE--
                  0000c2a8    00000040     rts6700.lib : cos.obj (.far)
                  0000c2e8    00000038     csl6713.lib : csl_mcbsp.obj (.far)
                  0000c320    00000028     dsk6713bsl.lib : dsk6713_aic23_registers.obj (.far)
                  0000c348    00000020                    : dsk6713_aic23_setfreq.obj (.far)
                  0000c368    0000000c     rts6700.lib : exit.obj (.far)
                  0000c374    00000008     dsk6713bsl.lib : dsk6713_aic23_opencodec.obj (.far)

.text      0    0000c380    00002220     
                  0000c380    00000720     Scrambler.obj (.text)
                  0000caa0    00000480     dsk6713bsl.lib : dsk6713.obj (.text)
                  0000cf20    00000340     rts6700.lib : cos.obj (.text:_cos)
                  0000d260    00000300     dsk6713bsl.lib : dsk6713_aic23_opencodec.obj (.text)
                  0000d560    00000240     rts6700.lib : memcpy62.obj (.text:_memcpy)
                  0000d7a0    000001a0     csl6713.lib : csl_mcbsp.obj (.text:_MCBSP_reset)
                  0000d940    00000140     dsk6713bsl.lib : dsk6713_aic23_registers.obj (.text)
                  0000da80    00000100     csl6713.lib : csl_mcbsp.obj (.text:_MCBSP_open)
                  0000db80    00000100                 : csl_mcbsp.obj (.text:_MCBSP_start)
                  0000dc80    00000100     rts6700.lib : autoinit.obj (.text:__auto_init)
                  0000dd80    000000e0                 : round.obj (.text:__nround)
                  0000de60    000000e0                 : strasg.obj (.text:__strasg)
                  0000df40    000000e0                 : exit.obj (.text:_exit)
                  0000e020    000000e0                 : modf.obj (.text:_modf)
                  0000e100    000000c0                 : cpy_tbl.obj (.text:_copy_in)
                  0000e1c0    000000c0     dsk6713bsl.lib : dsk6713_aic23_setfreq.obj (.text)
                  0000e280    00000080     rts6700.lib : cpp_init.obj (.text:___TI_cpp_init)
                  0000e300    00000080                 : boot.obj (.text:_c_int00)
                  0000e380    00000080     dsk6713bsl.lib : dsk6713_aic23_write.obj (.text)
                  0000e400    00000080                    : dsk6713_dip.obj (.text)
                  0000e480    00000060                    : dsk6713_aic23_read.obj (.text)
                  0000e4e0    00000040     rts6700.lib : args_main.obj (.text:__args_main)
                  0000e520    00000040                 : trunc.obj (.text:__trunc)
                  0000e560    00000020                 : exit.obj (.text:_abort)
                  0000e580    00000020     csl6713.lib : csl_irq.obj (.text)

.cinit     0    0000e5a0    00000514     
                  0000e5a0    000002b2     Scrambler.obj (.cinit)
                  0000e852    00000006     --HOLE-- [fill = 0]
                  0000e858    0000012c     csl6713.lib : csl_irq.obj (.cinit)
                  0000e984    00000004     --HOLE-- [fill = 0]
                  0000e988    00000054                 : csl_mcbsp.obj (.cinit)
                  0000e9dc    00000004     --HOLE-- [fill = 0]
                  0000e9e0    00000048     rts6700.lib : cos.obj (.cinit)
                  0000ea28    00000030     dsk6713bsl.lib : dsk6713_aic23_registers.obj (.cinit)
                  0000ea58    0000002c     rts6700.lib : exit.obj (.cinit)
                  0000ea84    00000004     --HOLE-- [fill = 0]
                  0000ea88    00000028     dsk6713bsl.lib : dsk6713_aic23_setfreq.obj (.cinit)
                  0000eab0    00000004     --HOLE-- [fill = 0]

.stack     0    0000eab8    00000400     UNINITIALIZED
                  0000eab8    00000008     rts6700.lib : boot.obj (.stack)
                  0000eac0    000003f8     --HOLE--

.const     0    0000eeb8    00000060     
                  0000eeb8    00000040     dsk6713bsl.lib : dsk6713_aic23_opencodec.obj (.const)
                  0000eef8    00000020                    : dsk6713.obj (.const)


GLOBAL SYMBOLS: SORTED ALPHABETICALLY BY Name 

address    name
--------   ----
00000200   $bss
00000200   .bss
00000200   .data
0000c380   .text
0000e560   C$$EXIT
0000c374   _DSK6713_AIC23_codeccontrolhandle
0000c378   _DSK6713_AIC23_codecdatahandle
0000da00   _DSK6713_AIC23_config
0000d260   _DSK6713_AIC23_openCodec
0000e480   _DSK6713_AIC23_read
0000d9d8   _DSK6713_AIC23_rget
0000d940   _DSK6713_AIC23_rset
0000e1c0   _DSK6713_AIC23_setFreq
0000e380   _DSK6713_AIC23_write
0000e408   _DSK6713_DIP_get
0000e400   _DSK6713_DIP_init
0000ceb4   _DSK6713_getVersion
0000caec   _DSK6713_init
0000ce08   _DSK6713_rget
0000ce1c   _DSK6713_rset
0000c2a4   _DSK6713_version
0000ce30   _DSK6713_wait
0000ce88   _DSK6713_waitusec
0000da80   _MCBSP_open
0000d7a0   _MCBSP_reset
0000db80   _MCBSP_start
0000c29c   __IRQ_dispatchTable
0000c1d8   __IRQ_eventTable
0000e580   __IRQ_hookFetchPacket
0000c25c   __IRQ_intTable
0000c318   __MCBSP_hDev0
0000c31c   __MCBSP_hDev1
0000eeb8   __STACK_END
00000400   __STACK_SIZE
00000001   __TI_args_main
0000e280   ___TI_cpp_init
0000c370   ___TI_enable_exit_profile_output
ffffffff   ___TI_pprof_out_hndl
ffffffff   ___TI_prof_data_size
ffffffff   ___TI_prof_data_start
ffffffff   ___binit__
00000200   ___bss__
ffffffff   ___c_args__
0000e5a0   ___cinit__
00000200   ___data__
00000200   ___edata__
00000200   ___end__
0000e5a0   ___etext__
ffffffff   ___pinit__
0000c380   ___text__
0000e4e0   __args_main
0000dc80   __auto_init
0000c368   __cleanup_ptr
0000c36c   __dtors_ptr
0000dd80   __nround
0000eab8   __stack
0000de60   __strasg
0000e520   __trunc
0000e560   _abort
0000e300   _c_int00
0000c180   _config
0000e100   _copy_in
0000cf20   _cos
0000c1a8   _counter1
0000c1aa   _counter2
0000c1ac   _counter3
0000df40   _exit
0000c8bc   _filter
0000c848   _filtmodfilt
0000bfa4   _gain
00000340   _h
0000c17c   _hCodec
0000c170   _input
00000424   _inputBuffer
00008124   _interBuffer
0000c380   _main
0000d560   _memcpy
0000e020   _modf
0000c172   _output
000042a4   _outputBuffer
00000200   _sine160
0000c9d4   _sinemod
0000c178   _temp
0000c174   _temp1
ffffffff   binit
0000e5a0   cinit
00000200   edata
00000200   end
0000e5a0   etext
ffffffff   pinit


GLOBAL SYMBOLS: SORTED BY Symbol Address 

address    name
--------   ----
00000001   __TI_args_main
00000200   $bss
00000200   .bss
00000200   .data
00000200   ___bss__
00000200   ___data__
00000200   ___edata__
00000200   ___end__
00000200   _sine160
00000200   edata
00000200   end
00000340   _h
00000400   __STACK_SIZE
00000424   _inputBuffer
000042a4   _outputBuffer
00008124   _interBuffer
0000bfa4   _gain
0000c170   _input
0000c172   _output
0000c174   _temp1
0000c178   _temp
0000c17c   _hCodec
0000c180   _config
0000c1a8   _counter1
0000c1aa   _counter2
0000c1ac   _counter3
0000c1d8   __IRQ_eventTable
0000c25c   __IRQ_intTable
0000c29c   __IRQ_dispatchTable
0000c2a4   _DSK6713_version
0000c318   __MCBSP_hDev0
0000c31c   __MCBSP_hDev1
0000c368   __cleanup_ptr
0000c36c   __dtors_ptr
0000c370   ___TI_enable_exit_profile_output
0000c374   _DSK6713_AIC23_codeccontrolhandle
0000c378   _DSK6713_AIC23_codecdatahandle
0000c380   .text
0000c380   ___text__
0000c380   _main
0000c848   _filtmodfilt
0000c8bc   _filter
0000c9d4   _sinemod
0000caec   _DSK6713_init
0000ce08   _DSK6713_rget
0000ce1c   _DSK6713_rset
0000ce30   _DSK6713_wait
0000ce88   _DSK6713_waitusec
0000ceb4   _DSK6713_getVersion
0000cf20   _cos
0000d260   _DSK6713_AIC23_openCodec
0000d560   _memcpy
0000d7a0   _MCBSP_reset
0000d940   _DSK6713_AIC23_rset
0000d9d8   _DSK6713_AIC23_rget
0000da00   _DSK6713_AIC23_config
0000da80   _MCBSP_open
0000db80   _MCBSP_start
0000dc80   __auto_init
0000dd80   __nround
0000de60   __strasg
0000df40   _exit
0000e020   _modf
0000e100   _copy_in
0000e1c0   _DSK6713_AIC23_setFreq
0000e280   ___TI_cpp_init
0000e300   _c_int00
0000e380   _DSK6713_AIC23_write
0000e400   _DSK6713_DIP_init
0000e408   _DSK6713_DIP_get
0000e480   _DSK6713_AIC23_read
0000e4e0   __args_main
0000e520   __trunc
0000e560   C$$EXIT
0000e560   _abort
0000e580   __IRQ_hookFetchPacket
0000e5a0   ___cinit__
0000e5a0   ___etext__
0000e5a0   cinit
0000e5a0   etext
0000eab8   __stack
0000eeb8   __STACK_END
ffffffff   ___TI_pprof_out_hndl
ffffffff   ___TI_prof_data_size
ffffffff   ___TI_prof_data_start
ffffffff   ___binit__
ffffffff   ___c_args__
ffffffff   ___pinit__
ffffffff   binit
ffffffff   pinit

[90 symbols]
